// Jest Snapshot v1, https://goo.gl/fbAQLP

exports[`components/post_view/ChannelIntroMessages test OFF_TOPIC Channel should match snapshot, with boards 1`] = `
<Fragment>
  <h2
    className="channel-intro__title"
  >
    <MemoizedFormattedMessage
      defaultMessage="Beginning of {name}"
      id="intro_messages.beginning"
      values={
        Object {
          "name": "test channel",
        }
      }
    />
  </h2>
  <p
    className="channel-intro__content"
  >
    <MemoizedFormattedMessage
      defaultMessage="This is the start of {display_name}, a channel for non-work-related conversations."
      id="intro_messages.offTopic"
      values={
        Object {
          "display_name": "test channel",
        }
      }
    />
  </p>
  <Memo(AddMembersButton)
    channel={
      Object {
        "create_at": 1508265709607,
        "creator_id": "creator_id",
        "delete_at": 0,
        "display_name": "test channel",
        "header": "test",
        "id": "channel_id",
        "last_post_at": 1508265709635,
        "name": "off-topic",
        "purpose": "test",
        "team_id": "team-id",
        "type": "O",
        "update_at": 1508265709607,
      }
    }
    createBoard={<Memo(Connect(Component)) />}
    showSetHeader={true}
    usersLimit={10}
  />
</Fragment>
`;

exports[`components/post_view/ChannelIntroMessages test OFF_TOPIC Channel should match snapshot, without boards 1`] = `
<Fragment>
  <h2
    className="channel-intro__title"
  >
    <MemoizedFormattedMessage
      defaultMessage="Beginning of {name}"
      id="intro_messages.beginning"
      values={
        Object {
          "name": "test channel",
        }
      }
    />
  </h2>
  <p
    className="channel-intro__content"
  >
    <MemoizedFormattedMessage
      defaultMessage="This is the start of {display_name}, a channel for non-work-related conversations."
      id="intro_messages.offTopic"
      values={
        Object {
          "display_name": "test channel",
        }
      }
    />
  </p>
  <Memo(AddMembersButton)
    channel={
      Object {
        "create_at": 1508265709607,
        "creator_id": "creator_id",
        "delete_at": 0,
        "display_name": "test channel",
        "header": "test",
        "id": "channel_id",
        "last_post_at": 1508265709635,
        "name": "off-topic",
        "purpose": "test",
        "team_id": "team-id",
        "type": "O",
        "update_at": 1508265709607,
      }
    }
    createBoard={<Memo(Connect(Component)) />}
    showSetHeader={true}
    usersLimit={10}
  />
</Fragment>
`;
