// Jest Snapshot v1, https://goo.gl/fbAQLP

exports[`components/new_channel_modal should match snapshot 1`] = `
<MenuWrapper
  animationComponent={[Function]}
  className="AddChannelsCtaDropdown"
  onToggle={[Function]}
  open={false}
>
  <button
    aria-label="Add Channel Cta Dropdown"
    className="SidebarChannelNavigator__addChannelsCtaLhsButton SidebarChannelNavigator__addChannelsCtaLhsButton--untouched"
    id="addChannelsCta"
  >
    <li
      aria-label="Add channels"
    >
      <i
        className="icon-plus-box"
      />
      <span>
        Add Channels
      </span>
    </li>
  </button>
  <Menu
    ariaLabel="Add Channel Cta Dropdown"
    id="AddChannelCtaDropdown"
  >
    <MenuGroup>
      <MenuItemAction
        id="showMoreChannels"
        onClick={[Function]}
        show={true}
        text="Browse Channels"
      />
      <MenuItemAction
        id="showNewChannel"
        onClick={[Function]}
        show={true}
        text="Create New Channel"
      />
    </MenuGroup>
  </Menu>
</MenuWrapper>
`;
