// Jest Snapshot v1, https://goo.gl/fbAQLP

exports[`components/post_view/ChannelIntroMessages test Group Channel should match snapshot, no profiles 1`] = `
<p
  className="channel-intro-text"
>
  <MemoizedFormattedMessage
    defaultMessage="This is the start of your group message history with these teammates. Messages and files shared here are not shown to people outside this area."
    id="intro_messages.group_message"
  />
</p>
`;

exports[`components/post_view/ChannelIntroMessages test Group Channel should match snapshot, with profiles, with boards 1`] = `
<Fragment>
  <div
    className="post-profile-img__container channel-intro-img"
  >
    <ProfilePicture
      hasMention={false}
      isEmoji={false}
      isRHS={false}
      key="introprofilepictureuser1"
      popoverPlacement="right"
      size="xl"
      src="/api/v4/users/user1/image?_=0"
      userId="user1"
      wrapperClass=""
    />
    <ProfilePicture
      hasMention={false}
      isEmoji={false}
      isRHS={false}
      key="introprofilepictureguest1"
      popoverPlacement="right"
      size="xl"
      src="/api/v4/users/guest1/image?_=0"
      userId="guest1"
      wrapperClass=""
    />
  </div>
  <p
    className="channel-intro-text"
  >
    <FormattedMarkdownMessage
      defaultMessage="This is the start of your group message history with {names}.\\\\nMessages and files shared here are not shown to people outside this area."
      id="intro_messages.GM"
      values={
        Object {
          "names": "test channel",
        }
      }
    />
  </p>
  <Connect(Component) />
  <Connect(Component)
    show={true}
  />
</Fragment>
`;

exports[`components/post_view/ChannelIntroMessages test Group Channel should match snapshot, with profiles, without boards 1`] = `
<Fragment>
  <div
    className="post-profile-img__container channel-intro-img"
  >
    <ProfilePicture
      hasMention={false}
      isEmoji={false}
      isRHS={false}
      key="introprofilepictureuser1"
      popoverPlacement="right"
      size="xl"
      src="/api/v4/users/user1/image?_=0"
      userId="user1"
      wrapperClass=""
    />
    <ProfilePicture
      hasMention={false}
      isEmoji={false}
      isRHS={false}
      key="introprofilepictureguest1"
      popoverPlacement="right"
      size="xl"
      src="/api/v4/users/guest1/image?_=0"
      userId="guest1"
      wrapperClass=""
    />
  </div>
  <p
    className="channel-intro-text"
  >
    <FormattedMarkdownMessage
      defaultMessage="This is the start of your group message history with {names}.\\\\nMessages and files shared here are not shown to people outside this area."
      id="intro_messages.GM"
      values={
        Object {
          "names": "test channel",
        }
      }
    />
  </p>
  <Connect(Component) />
  <Connect(Component)
    show={true}
  />
</Fragment>
`;
