// Jest Snapshot v1, https://goo.gl/fbAQLP

exports[`components/MoreChannels should match snapshot and state 1`] = `
<GenericModal
  aria-labelledby="moreChannelsModalLabel"
  autoCloseOnCancelButton={true}
  autoCloseOnConfirmButton={true}
  compassDesign={true}
  enforceFocus={true}
  headerButton={
    <Memo(Connect(TeamPermissionGate))
      permissions={
        Array [
          "create_public_channel",
        ]
      }
      teamId="team_id"
    >
      <button
        className="btn outlineButton"
        onClick={[Function]}
        type="button"
      >
        <Memo(MemoizedFormattedMessage)
          defaultMessage="Create New Channel"
          id="more_channels.create"
        />
      </button>
    </Memo(Connect(TeamPermissionGate))>
  }
  id="moreChannelsModal"
  modalHeaderText={
    <Memo(MemoizedFormattedMessage)
      defaultMessage="Browse Channels"
      id="more_channels.title"
    />
  }
  onExited={[Function]}
  show={true}
>
  <LoadingScreen
    position="relative"
    style={Object {}}
  />
</GenericModal>
`;
