// Jest Snapshot v1, https://goo.gl/fbAQLP

exports[`components/SearchableChannelList should match init snapshot 1`] = `
<div
  className="filtered-user-list"
>
  <div
    className="filter-row filter-row--full"
  >
    <span
      aria-hidden="true"
      id="searchIcon"
    >
      <MagnifyIcon
        size={18}
      />
    </span>
    <QuickInput
      className="form-control filter-textbox"
      clearable={true}
      id="searchChannelsTextbox"
      inputComponent={
        Object {
          "$$typeof": Symbol(react.forward_ref),
          "displayName": "LocalizedInput",
          "render": [Function],
        }
      }
      onClear={[Function]}
      onInput={[Function]}
      placeholder={
        Object {
          "defaultMessage": "Search channels",
          "id": "filtered_channels_list.search",
        }
      }
      value=""
    />
  </div>
  <div
    className="more-modal__dropdown"
  >
    <span
      id="channelCountLabel"
    >
      0 Results
    </span>
    <div
      id="modalPreferenceContainer"
    >
      <div
        className="d-flex align-items-center"
      >
        <button
          className="get-app__checkbox "
          onClick={[Function]}
        />
        <MemoizedFormattedMessage
          defaultMessage="Hide Joined"
          id="more_channels.hide_joined"
        />
      </div>
    </div>
  </div>
  <div
    className="more-modal__list"
    role="application"
  >
    <div
      id="moreChannelsList"
    >
      <LoadingScreen
        position="relative"
        style={Object {}}
      />
    </div>
  </div>
  <div
    className="filter-controls"
  />
</div>
`;
